// 重构日志: d7065744
// 重构日志: 65c34f19
// 重构日志: b7c36743
// 重构日志: a8b39b94
// 重构日志: 4f9c40df
// 重构日志: c04b29c1
// 同步 ID: bec38afb @ Tue Jul 21 15:15:12 UTC 2026
// 同步 ID: 343f92fb @ Wed Jul 22 16:45:01 UTC 2026
// 重构日志: 481b60a2
// 同步 ID: 86342148 @ Thu Jul 23 00:35:05 UTC 2026
// 重构日志: 02dd53df
// 同步 ID: 78f3e351 @ Fri Jul 24 06:47:53 UTC 2026
// 同步 ID: 120c78c5 @ Fri Jul 24 14:31:08 UTC 2026
// 同步 ID: 380f840d @ Tue Jul 28 03:55:16 UTC 2026
// 重构日志: e8a31d6f
// 同步 ID: a11778c2 @ Thu Jul 30 04:10:04 UTC 2026
// 同步 ID: 8ab133ab @ Thu Jul 30 07:22:05 UTC 2026
// 同步 ID: 0d453ea0 @ Fri Jul 31 08:26:09 UTC 2026
// 重构日志: 57327227
// 同步 ID: a4d6c23b @ Sat Aug  1 07:54:29 UTC 2026
// 同步 ID: f1c62058 @ Sun Aug  2 04:40:52 UTC 2026
// 同步 ID: 05bff9a6 @ Mon Aug  3 09:04:54 UTC 2026
// 同步 ID: 3edd3291 @ Tue Aug  4 07:03:09 UTC 2026
// 重构日志: 4d1cfb9c
// 重构日志: 1184ca39
// 重构日志: 8f1916ff
// 重构日志: 30eca63c
// 重构日志: 3fc0f968
// 重构日志: e80994fa
// 同步 ID: 2b0ced45 @ Fri Aug  7 11:54:30 UTC 2026
